{"id":1,"result":"Account data updated successfully"}