{"email":"i02sopop@gmail.com","id":1,"name":"Pablo","result":"User login successfully","token":"8e90c2e3-0005-11e8-89be-50e5495a3e3e","username":"i02sopop"}