{"id":1,"result":"Account registered successfully"}