{"error":"Error validating the email: invalid format"}