{"error":"Error validating the email: unresolvable host"}