00000000-0000-0000-0000-000000000000: User not logged in