{"id":1,"result":"Account activated successfully"}