{"id":1,"result":"Account deactivated successfully"}