{"error":"Error adding the ad params: Error adding the param passwerd, key doesn't exists: Unknown parameter for the use case."}