{"id":1,"result":"User logout successfully","username":"i02sopop"}